../Src/main.c:89:5:main	8	static
../Src/main.c:153:6:SystemClock_Config	88	static
../Src/main.c:200:13:MX_I2C1_Init	8	static
../Src/main.c:231:13:MX_RTC_Init	16	static
../Src/main.c:289:13:MX_USART1_UART_Init	8	static
../Src/main.c:322:13:MX_USART2_UART_Init	8	static
../Src/main.c:355:13:MX_GPIO_Init	40	static
../Src/main.c:381:6:HAL_UART_RxCpltCallback	16	static
../Src/main.c:405:6:HAL_GPIO_EXTI_Callback	16	static,ignoring_inline_asm
../Src/main.c:429:6:Error_Handler	4	static,ignoring_inline_asm
